2026-06-01 13:43:30,613 - ERROR - .DS_Store: Unsupported file format
2026-06-01 13:43:30,616 - INFO - mail_0001.txt -> newsletters_marketing (confidence=1.00)
2026-06-01 13:43:30,618 - INFO - mail_0002.txt -> external_requests (confidence=2.00)
2026-06-01 13:43:30,619 - INFO - mail_0003.txt -> it_support (confidence=2.00)
2026-06-01 13:43:30,620 - INFO - mail_0004.txt -> it_support (confidence=2.00)
2026-06-01 13:43:30,621 - INFO - mail_0005.txt -> contracts_documents (confidence=1.00)
2026-06-01 13:43:30,622 - INFO - mail_0006.txt -> finance (confidence=2.00)
2026-06-01 13:43:30,624 - INFO - mail_0007.txt -> attachments_processing (confidence=1.00)
2026-06-01 13:43:30,625 - INFO - mail_0008.txt -> monitoring_alerts (confidence=3.00)
2026-06-01 13:43:30,626 - INFO - mail_0009.txt -> it_support (confidence=1.00)
2026-06-01 13:43:30,627 - INFO - mail_0010.txt -> external_requests (confidence=2.00)
2026-06-01 13:43:30,628 - INFO - mail_0011.txt -> hr (confidence=2.00)
2026-06-01 13:43:30,630 - INFO - mail_0012.txt -> it_support (confidence=1.00)
2026-06-01 13:43:30,632 - INFO - mail_0013.txt -> finance (confidence=2.00)
2026-06-01 13:43:30,634 - INFO - mail_0014.txt -> it_support (confidence=1.00)
2026-06-01 13:43:30,635 - INFO - mail_0015.txt -> hr (confidence=2.00)
2026-06-01 13:43:30,636 - INFO - mail_0016.txt -> it_support (confidence=3.00)
2026-06-01 13:43:30,637 - INFO - mail_0017.txt -> attachments_processing (confidence=2.00)
2026-06-01 13:43:30,638 - INFO - mail_0018.txt -> it_support (confidence=1.00)
2026-06-01 13:43:30,639 - INFO - mail_0019.txt -> monitoring_alerts (confidence=2.00)
2026-06-01 13:43:30,640 - INFO - mail_0020.txt -> monitoring_alerts (confidence=3.00)
2026-06-01 13:43:30,643 - INFO - mail_0021.txt -> it_support (confidence=1.00)
2026-06-01 13:43:30,645 - INFO - mail_0022.txt -> contracts_documents (confidence=2.00)
2026-06-01 13:43:30,647 - INFO - mail_0023.txt -> it_support (confidence=2.00)
2026-06-01 13:43:30,648 - INFO - mail_0024.txt -> it_support (confidence=2.00)
2026-06-01 13:43:30,650 - INFO - mail_0025.txt -> hr (confidence=2.00)
2026-06-01 13:43:30,652 - INFO - mail_0026.txt -> it_support (confidence=2.00)
2026-06-01 13:43:30,653 - INFO - mail_0027.txt -> newsletters_marketing (confidence=1.00)
2026-06-01 13:43:30,654 - INFO - mail_0028.txt -> it_support (confidence=2.00)
2026-06-01 13:43:30,656 - INFO - mail_0029.txt -> meetings_events (confidence=3.00)
2026-06-01 13:43:30,657 - INFO - mail_0030.txt -> it_support (confidence=2.00)
2026-06-01 13:43:30,658 - INFO - mail_0031.txt -> it_support (confidence=1.00)
2026-06-01 13:43:30,659 - INFO - mail_0032.txt -> attachments_processing (confidence=4.00)
2026-06-01 13:43:30,661 - INFO - mail_0033.txt -> it_support (confidence=1.00)
2026-06-01 13:43:30,663 - INFO - mail_0034.txt -> it_support (confidence=1.00)
2026-06-01 13:43:30,664 - INFO - mail_0035.txt -> meetings_events (confidence=1.00)
2026-06-01 13:43:30,665 - INFO - mail_0036.txt -> monitoring_alerts (confidence=5.00)
2026-06-01 13:43:30,666 - INFO - mail_0037.txt -> finance (confidence=2.00)
2026-06-01 13:43:30,668 - INFO - mail_0038.txt -> it_support (confidence=2.00)
2026-06-01 13:43:30,669 - INFO - mail_0039.txt -> newsletters_marketing (confidence=1.00)
2026-06-01 13:43:30,670 - INFO - mail_0040.txt -> it_support (confidence=1.00)
2026-06-01 13:43:30,671 - INFO - mail_0041.txt -> spam_phishing (confidence=1.00)
2026-06-01 13:43:30,672 - INFO - mail_0042.txt -> it_support (confidence=2.00)
2026-06-01 13:43:30,673 - INFO - mail_0043.txt -> it_support (confidence=2.00)
2026-06-01 13:43:30,675 - INFO - mail_0044.txt -> access_requests (confidence=3.00)
2026-06-01 13:43:30,676 - INFO - mail_0045.txt -> attachments_processing (confidence=2.00)
2026-06-01 13:43:30,677 - INFO - mail_0046.txt -> it_support (confidence=3.00)
2026-06-01 13:43:30,678 - INFO - mail_0047.txt -> access_requests (confidence=3.00)
2026-06-01 13:43:30,679 - INFO - mail_0048.txt -> contracts_documents (confidence=2.00)
2026-06-01 13:43:30,680 - INFO - mail_0049.txt -> it_support (confidence=4.00)
2026-06-01 13:43:30,681 - INFO - mail_0050.txt -> meetings_events (confidence=3.00)
2026-06-01 13:43:30,683 - INFO - mail_0051.txt -> newsletters_marketing (confidence=1.00)
2026-06-01 13:43:30,684 - INFO - mail_0052.txt -> it_support (confidence=2.00)
2026-06-01 13:43:30,686 - INFO - mail_0053.txt -> newsletters_marketing (confidence=2.00)
2026-06-01 13:43:30,690 - INFO - mail_0054.txt -> it_support (confidence=1.00)
2026-06-01 13:43:30,692 - INFO - mail_0055.txt -> it_support (confidence=2.00)
2026-06-01 13:43:30,693 - INFO - mail_0056.txt -> attachments_processing (confidence=2.00)
2026-06-01 13:43:30,695 - INFO - mail_0057.txt -> access_requests (confidence=2.00)
2026-06-01 13:43:30,696 - INFO - mail_0058.txt -> it_support (confidence=2.00)
2026-06-01 13:43:30,698 - INFO - mail_0059.txt -> it_support (confidence=1.00)
2026-06-01 13:43:30,699 - INFO - mail_0060.txt -> attachments_processing (confidence=2.00)
2026-06-01 13:43:30,701 - INFO - mail_0061.txt -> access_requests (confidence=3.00)
2026-06-01 13:43:30,703 - INFO - mail_0062.txt -> it_support (confidence=1.00)
2026-06-01 13:43:30,705 - INFO - mail_0063.txt -> access_requests (confidence=3.00)
2026-06-01 13:43:30,707 - INFO - mail_0064.txt -> spam_phishing (confidence=3.00)
2026-06-01 13:43:30,709 - INFO - mail_0065.txt -> it_support (confidence=3.00)
2026-06-01 13:43:30,710 - INFO - mail_0066.txt -> it_support (confidence=2.00)
2026-06-01 13:43:30,712 - INFO - mail_0067.txt -> attachments_processing (confidence=2.00)
2026-06-01 13:43:30,714 - INFO - mail_0068.txt -> access_requests (confidence=3.00)
2026-06-01 13:43:30,715 - INFO - mail_0069.txt -> attachments_processing (confidence=2.00)
2026-06-01 13:43:30,716 - INFO - mail_0070.txt -> it_support (confidence=2.00)
2026-06-01 13:43:30,718 - INFO - mail_0071.txt -> spam_phishing (confidence=1.00)
2026-06-01 13:43:30,720 - INFO - mail_0072.txt -> it_support (confidence=2.00)
2026-06-01 13:43:30,721 - INFO - mail_0073.txt -> it_support (confidence=6.00)
2026-06-01 13:43:30,722 - INFO - mail_0074.txt -> it_support (confidence=1.00)
2026-06-01 13:43:30,724 - INFO - mail_0075.txt -> hr (confidence=2.00)
2026-06-01 13:43:30,725 - INFO - mail_0076.txt -> monitoring_alerts (confidence=2.00)
2026-06-01 13:43:30,726 - INFO - mail_0077.txt -> it_support (confidence=1.00)
2026-06-01 13:43:30,727 - INFO - mail_0078.txt -> it_support (confidence=4.00)
2026-06-01 13:43:30,728 - INFO - mail_0079.txt -> access_requests (confidence=3.00)
2026-06-01 13:43:30,729 - INFO - mail_0080.txt -> monitoring_alerts (confidence=1.00)
2026-06-01 13:43:30,730 - INFO - mail_0081.txt -> finance (confidence=3.00)
2026-06-01 13:43:30,732 - INFO - mail_0082.txt -> it_support (confidence=2.00)
2026-06-01 13:43:30,734 - INFO - mail_0083.txt -> attachments_processing (confidence=2.00)
2026-06-01 13:43:30,735 - INFO - mail_0084.txt -> it_support (confidence=2.00)
2026-06-01 13:43:30,737 - INFO - mail_0085.txt -> access_requests (confidence=3.00)
2026-06-01 13:43:30,738 - INFO - mail_0086.txt -> contracts_documents (confidence=2.00)
2026-06-01 13:43:30,739 - INFO - mail_0087.txt -> it_support (confidence=1.00)
2026-06-01 13:43:30,740 - INFO - mail_0088.txt -> it_support (confidence=4.00)
2026-06-01 13:43:30,742 - INFO - mail_0089.txt -> it_support (confidence=1.00)
2026-06-01 13:43:30,744 - INFO - mail_0090.txt -> monitoring_alerts (confidence=3.00)
2026-06-01 13:43:30,747 - INFO - mail_0091.txt -> it_support (confidence=5.00)
2026-06-01 13:43:30,750 - INFO - mail_0092.txt -> attachments_processing (confidence=2.00)
2026-06-01 13:43:30,752 - INFO - mail_0093.txt -> spam_phishing (confidence=3.00)
2026-06-01 13:43:30,754 - INFO - mail_0094.txt -> it_support (confidence=4.00)
2026-06-01 13:43:30,755 - INFO - mail_0095.txt -> it_support (confidence=1.00)
2026-06-01 13:43:30,756 - INFO - mail_0096.txt -> access_requests (confidence=2.00)
2026-06-01 13:43:30,757 - INFO - mail_0097.txt -> it_support (confidence=2.00)
2026-06-01 13:43:30,759 - INFO - mail_0098.txt -> it_support (confidence=2.00)
2026-06-01 13:43:30,760 - INFO - mail_0099.txt -> access_requests (confidence=3.00)
2026-06-01 13:43:30,762 - INFO - mail_0100.txt -> it_support (confidence=2.00)
2026-06-01 13:43:30,763 - INFO - mail_0101.txt -> it_support (confidence=2.00)
2026-06-01 13:43:30,764 - INFO - mail_0102.txt -> attachments_processing (confidence=2.00)
2026-06-01 13:43:30,765 - INFO - mail_0103.txt -> unknown (confidence=0.00)
2026-06-01 13:43:30,765 - ERROR - mail_0104.bin: Unsupported file format
2026-06-01 13:43:30,767 - ERROR - mail_0105.json: Expecting value: line 1 column 75 (char 74)
2026-06-01 13:43:30,769 - ERROR - mail_0106: Unsupported file format
2026-06-01 13:43:30,771 - INFO - mail_0107.txt -> external_requests (confidence=1.00)
2026-06-01 13:43:30,772 - INFO - mail_0108.txt -> it_support (confidence=1.00)
2026-06-01 13:43:30,772 - ERROR - mail_0109.jpeg: Unsupported file format
2026-06-01 13:43:30,775 - INFO - test.txt -> it_support (confidence=2.00)
2026-06-01 13:53:07,528 - ERROR - .DS_Store: Unsupported file format
2026-06-01 13:53:07,531 - INFO - mail_0001.txt -> newsletters_marketing (confidence=1.00)
2026-06-01 13:53:07,532 - INFO - mail_0002.txt -> external_requests (confidence=2.00)
2026-06-01 13:53:07,534 - INFO - mail_0003.txt -> it_support (confidence=2.00)
2026-06-01 13:53:07,535 - INFO - mail_0004.txt -> it_support (confidence=2.00)
2026-06-01 13:53:07,536 - INFO - mail_0005.txt -> contracts_documents (confidence=1.00)
2026-06-01 13:53:07,537 - INFO - mail_0006.txt -> finance (confidence=2.00)
2026-06-01 13:53:07,539 - INFO - mail_0007.txt -> attachments_processing (confidence=1.00)
2026-06-01 13:53:07,541 - INFO - mail_0008.txt -> monitoring_alerts (confidence=3.00)
2026-06-01 13:53:07,542 - INFO - mail_0009.txt -> it_support (confidence=1.00)
2026-06-01 13:53:07,543 - INFO - mail_0010.txt -> external_requests (confidence=2.00)
2026-06-01 13:53:07,544 - INFO - mail_0011.txt -> hr (confidence=2.00)
2026-06-01 13:53:07,545 - INFO - mail_0012.txt -> it_support (confidence=1.00)
2026-06-01 13:53:07,547 - INFO - mail_0013.txt -> finance (confidence=2.00)
2026-06-01 13:53:07,548 - INFO - mail_0014.txt -> it_support (confidence=1.00)
2026-06-01 13:53:07,549 - INFO - mail_0015.txt -> hr (confidence=2.00)
2026-06-01 13:53:07,550 - INFO - mail_0016.txt -> it_support (confidence=3.00)
2026-06-01 13:53:07,551 - INFO - mail_0017.txt -> attachments_processing (confidence=2.00)
2026-06-01 13:53:07,553 - INFO - mail_0018.txt -> it_support (confidence=1.00)
2026-06-01 13:53:07,554 - INFO - mail_0019.txt -> monitoring_alerts (confidence=2.00)
2026-06-01 13:53:07,555 - INFO - mail_0020.txt -> monitoring_alerts (confidence=3.00)
2026-06-01 13:53:07,556 - INFO - mail_0021.txt -> it_support (confidence=1.00)
2026-06-01 13:53:07,557 - INFO - mail_0022.txt -> contracts_documents (confidence=2.00)
2026-06-01 13:53:07,558 - INFO - mail_0023.txt -> it_support (confidence=2.00)
2026-06-01 13:53:07,559 - INFO - mail_0024.txt -> it_support (confidence=2.00)
2026-06-01 13:53:07,560 - INFO - mail_0025.txt -> hr (confidence=2.00)
2026-06-01 13:53:07,561 - INFO - mail_0026.txt -> it_support (confidence=2.00)
2026-06-01 13:53:07,563 - INFO - mail_0027.txt -> newsletters_marketing (confidence=1.00)
2026-06-01 13:53:07,565 - INFO - mail_0028.txt -> it_support (confidence=2.00)
2026-06-01 13:53:07,566 - INFO - mail_0029.txt -> meetings_events (confidence=3.00)
2026-06-01 13:53:07,568 - INFO - mail_0030.txt -> it_support (confidence=2.00)
2026-06-01 13:53:07,569 - INFO - mail_0031.txt -> it_support (confidence=1.00)
2026-06-01 13:53:07,570 - INFO - mail_0032.txt -> attachments_processing (confidence=4.00)
2026-06-01 13:53:07,571 - INFO - mail_0033.txt -> it_support (confidence=1.00)
2026-06-01 13:53:07,573 - INFO - mail_0034.txt -> it_support (confidence=1.00)
2026-06-01 13:53:07,574 - INFO - mail_0035.txt -> meetings_events (confidence=1.00)
2026-06-01 13:53:07,575 - INFO - mail_0036.txt -> monitoring_alerts (confidence=5.00)
2026-06-01 13:53:07,576 - INFO - mail_0037.txt -> finance (confidence=2.00)
2026-06-01 13:53:07,577 - INFO - mail_0038.txt -> it_support (confidence=2.00)
2026-06-01 13:53:07,578 - INFO - mail_0039.txt -> newsletters_marketing (confidence=1.00)
2026-06-01 13:53:07,580 - INFO - mail_0040.txt -> it_support (confidence=1.00)
2026-06-01 13:53:07,581 - INFO - mail_0041.txt -> spam_phishing (confidence=1.00)
2026-06-01 13:53:07,582 - INFO - mail_0042.txt -> it_support (confidence=2.00)
2026-06-01 13:53:07,584 - INFO - mail_0043.txt -> it_support (confidence=2.00)
2026-06-01 13:53:07,585 - INFO - mail_0044.txt -> access_requests (confidence=3.00)
2026-06-01 13:53:07,586 - INFO - mail_0045.txt -> attachments_processing (confidence=2.00)
2026-06-01 13:53:07,587 - INFO - mail_0046.txt -> it_support (confidence=3.00)
2026-06-01 13:53:07,588 - INFO - mail_0047.txt -> access_requests (confidence=3.00)
2026-06-01 13:53:07,589 - INFO - mail_0048.txt -> contracts_documents (confidence=2.00)
2026-06-01 13:53:07,592 - INFO - mail_0049.txt -> it_support (confidence=4.00)
2026-06-01 13:53:07,593 - INFO - mail_0050.txt -> meetings_events (confidence=3.00)
2026-06-01 13:53:07,595 - INFO - mail_0051.txt -> newsletters_marketing (confidence=1.00)
2026-06-01 13:53:07,596 - INFO - mail_0052.txt -> it_support (confidence=2.00)
2026-06-01 13:53:07,598 - INFO - mail_0053.txt -> newsletters_marketing (confidence=2.00)
2026-06-01 13:53:07,599 - INFO - mail_0054.txt -> it_support (confidence=1.00)
2026-06-01 13:53:07,600 - INFO - mail_0055.txt -> it_support (confidence=2.00)
2026-06-01 13:53:07,602 - INFO - mail_0056.txt -> attachments_processing (confidence=2.00)
2026-06-01 13:53:07,604 - INFO - mail_0057.txt -> access_requests (confidence=2.00)
2026-06-01 13:53:07,605 - INFO - mail_0058.txt -> it_support (confidence=2.00)
2026-06-01 13:53:07,606 - INFO - mail_0059.txt -> it_support (confidence=1.00)
2026-06-01 13:53:07,607 - INFO - mail_0060.txt -> attachments_processing (confidence=2.00)
2026-06-01 13:53:07,608 - INFO - mail_0061.txt -> access_requests (confidence=3.00)
2026-06-01 13:53:07,610 - INFO - mail_0062.txt -> it_support (confidence=1.00)
2026-06-01 13:53:07,611 - INFO - mail_0063.txt -> access_requests (confidence=3.00)
2026-06-01 13:53:07,612 - INFO - mail_0064.txt -> spam_phishing (confidence=3.00)
2026-06-01 13:53:07,613 - INFO - mail_0065.txt -> it_support (confidence=3.00)
2026-06-01 13:53:07,614 - INFO - mail_0066.txt -> it_support (confidence=2.00)
2026-06-01 13:53:07,615 - INFO - mail_0067.txt -> attachments_processing (confidence=2.00)
2026-06-01 13:53:07,617 - INFO - mail_0068.txt -> access_requests (confidence=3.00)
2026-06-01 13:53:07,618 - INFO - mail_0069.txt -> attachments_processing (confidence=2.00)
2026-06-01 13:53:07,619 - INFO - mail_0070.txt -> it_support (confidence=2.00)
2026-06-01 13:53:07,620 - INFO - mail_0071.txt -> spam_phishing (confidence=1.00)
2026-06-01 13:53:07,622 - INFO - mail_0072.txt -> it_support (confidence=2.00)
2026-06-01 13:53:07,623 - INFO - mail_0073.txt -> it_support (confidence=6.00)
2026-06-01 13:53:07,624 - INFO - mail_0074.txt -> it_support (confidence=1.00)
2026-06-01 13:53:07,625 - INFO - mail_0075.txt -> hr (confidence=2.00)
2026-06-01 13:53:07,627 - INFO - mail_0076.txt -> monitoring_alerts (confidence=2.00)
2026-06-01 13:53:07,629 - INFO - mail_0077.txt -> it_support (confidence=1.00)
2026-06-01 13:53:07,630 - INFO - mail_0078.txt -> it_support (confidence=4.00)
2026-06-01 13:53:07,631 - INFO - mail_0079.txt -> access_requests (confidence=3.00)
2026-06-01 13:53:07,632 - INFO - mail_0080.txt -> monitoring_alerts (confidence=1.00)
2026-06-01 13:53:07,633 - INFO - mail_0081.txt -> finance (confidence=3.00)
2026-06-01 13:53:07,634 - INFO - mail_0082.txt -> it_support (confidence=2.00)
2026-06-01 13:53:07,635 - INFO - mail_0083.txt -> attachments_processing (confidence=2.00)
2026-06-01 13:53:07,636 - INFO - mail_0084.txt -> it_support (confidence=2.00)
2026-06-01 13:53:07,637 - INFO - mail_0085.txt -> access_requests (confidence=3.00)
2026-06-01 13:53:07,638 - INFO - mail_0086.txt -> contracts_documents (confidence=2.00)
2026-06-01 13:53:07,639 - INFO - mail_0087.txt -> it_support (confidence=1.00)
2026-06-01 13:53:07,641 - INFO - mail_0088.txt -> it_support (confidence=4.00)
2026-06-01 13:53:07,643 - INFO - mail_0089.txt -> it_support (confidence=1.00)
2026-06-01 13:53:07,644 - INFO - mail_0090.txt -> monitoring_alerts (confidence=3.00)
2026-06-01 13:53:07,646 - INFO - mail_0091.txt -> it_support (confidence=5.00)
2026-06-01 13:53:07,648 - INFO - mail_0092.txt -> attachments_processing (confidence=2.00)
2026-06-01 13:53:07,650 - INFO - mail_0093.txt -> spam_phishing (confidence=3.00)
2026-06-01 13:53:07,652 - INFO - mail_0094.txt -> it_support (confidence=4.00)
2026-06-01 13:53:07,654 - INFO - mail_0095.txt -> it_support (confidence=1.00)
2026-06-01 13:53:07,655 - INFO - mail_0096.txt -> access_requests (confidence=2.00)
2026-06-01 13:53:07,656 - INFO - mail_0097.txt -> it_support (confidence=2.00)
2026-06-01 13:53:07,658 - INFO - mail_0098.txt -> it_support (confidence=2.00)
2026-06-01 13:53:07,659 - INFO - mail_0099.txt -> access_requests (confidence=3.00)
2026-06-01 13:53:07,661 - INFO - mail_0100.txt -> it_support (confidence=2.00)
2026-06-01 13:53:07,663 - INFO - mail_0101.txt -> it_support (confidence=2.00)
2026-06-01 13:53:07,669 - INFO - mail_0102.txt -> attachments_processing (confidence=2.00)
2026-06-01 13:53:07,670 - INFO - mail_0103.txt -> unknown (confidence=0.00)
2026-06-01 13:53:07,670 - ERROR - mail_0104.bin: Unsupported file format
2026-06-01 13:53:07,672 - ERROR - mail_0105.json: Expecting value: line 1 column 75 (char 74)
2026-06-01 13:53:07,673 - ERROR - mail_0106: Unsupported file format
2026-06-01 13:53:07,677 - INFO - mail_0107.txt -> external_requests (confidence=1.00)
2026-06-01 13:53:07,679 - INFO - mail_0108.txt -> it_support (confidence=1.00)
2026-06-01 13:53:07,679 - ERROR - mail_0109.jpeg: Unsupported file format
2026-06-01 13:53:07,684 - INFO - test.txt -> it_support (confidence=2.00)
2026-06-01 13:53:07,685 - INFO - ==================================================
2026-06-01 13:53:07,685 - INFO - Запуск обработки писем
2026-06-01 13:53:07,685 - INFO - ==================================================
2026-06-01 13:53:07,685 - ERROR - Папка 'inbox' не найдена. Создайте её и положите письма.
2026-06-01 13:57:58,519 - INFO - ==================================================
2026-06-01 13:57:58,519 - INFO - Запуск обработки писем
2026-06-01 13:57:58,519 - INFO - ==================================================
2026-06-01 13:57:58,520 - ERROR - Папка 'inbox' не найдена. Создайте её и положите письма.
2026-06-01 14:01:23,044 - ERROR - .DS_Store: Unsupported file format
2026-06-01 14:01:23,048 - INFO - mail_0001.txt -> newsletters_marketing (confidence=1.00)
2026-06-01 14:01:23,049 - INFO - mail_0002.txt -> external_requests (confidence=2.00)
2026-06-01 14:01:23,051 - INFO - mail_0003.txt -> it_support (confidence=2.00)
2026-06-01 14:01:23,052 - INFO - mail_0004.txt -> it_support (confidence=2.00)
2026-06-01 14:01:23,053 - INFO - mail_0005.txt -> contracts_documents (confidence=1.00)
2026-06-01 14:01:23,054 - INFO - mail_0006.txt -> finance (confidence=2.00)
2026-06-01 14:01:23,055 - INFO - mail_0007.txt -> attachments_processing (confidence=1.00)
2026-06-01 14:01:23,056 - INFO - mail_0008.txt -> monitoring_alerts (confidence=3.00)
2026-06-01 14:01:23,057 - INFO - mail_0009.txt -> it_support (confidence=1.00)
2026-06-01 14:01:23,058 - INFO - mail_0010.txt -> external_requests (confidence=2.00)
2026-06-01 14:01:23,060 - INFO - mail_0011.txt -> hr (confidence=2.00)
2026-06-01 14:01:23,062 - INFO - mail_0012.txt -> it_support (confidence=1.00)
2026-06-01 14:01:23,063 - INFO - mail_0013.txt -> finance (confidence=2.00)
2026-06-01 14:01:23,065 - INFO - mail_0014.txt -> it_support (confidence=1.00)
2026-06-01 14:01:23,066 - INFO - mail_0015.txt -> hr (confidence=2.00)
2026-06-01 14:01:23,067 - INFO - mail_0016.txt -> it_support (confidence=3.00)
2026-06-01 14:01:23,068 - INFO - mail_0017.txt -> attachments_processing (confidence=2.00)
2026-06-01 14:01:23,069 - INFO - mail_0018.txt -> it_support (confidence=1.00)
2026-06-01 14:01:23,070 - INFO - mail_0019.txt -> monitoring_alerts (confidence=2.00)
2026-06-01 14:01:23,071 - INFO - mail_0020.txt -> monitoring_alerts (confidence=3.00)
2026-06-01 14:01:23,072 - INFO - mail_0021.txt -> it_support (confidence=1.00)
2026-06-01 14:01:23,073 - INFO - mail_0022.txt -> contracts_documents (confidence=2.00)
2026-06-01 14:01:23,074 - INFO - mail_0023.txt -> it_support (confidence=2.00)
2026-06-01 14:01:23,075 - INFO - mail_0024.txt -> it_support (confidence=2.00)
2026-06-01 14:01:23,077 - INFO - mail_0025.txt -> hr (confidence=2.00)
2026-06-01 14:01:23,078 - INFO - mail_0026.txt -> it_support (confidence=2.00)
2026-06-01 14:01:23,079 - INFO - mail_0027.txt -> newsletters_marketing (confidence=1.00)
2026-06-01 14:01:23,080 - INFO - mail_0028.txt -> it_support (confidence=2.00)
2026-06-01 14:01:23,081 - INFO - mail_0029.txt -> meetings_events (confidence=3.00)
2026-06-01 14:01:23,082 - INFO - mail_0030.txt -> it_support (confidence=2.00)
2026-06-01 14:01:23,083 - INFO - mail_0031.txt -> it_support (confidence=1.00)
2026-06-01 14:01:23,084 - INFO - mail_0032.txt -> attachments_processing (confidence=4.00)
2026-06-01 14:01:23,085 - INFO - mail_0033.txt -> it_support (confidence=1.00)
2026-06-01 14:01:23,086 - INFO - mail_0034.txt -> it_support (confidence=1.00)
2026-06-01 14:01:23,087 - INFO - mail_0035.txt -> meetings_events (confidence=1.00)
2026-06-01 14:01:23,088 - INFO - mail_0036.txt -> monitoring_alerts (confidence=5.00)
2026-06-01 14:01:23,090 - INFO - mail_0037.txt -> finance (confidence=2.00)
2026-06-01 14:01:23,090 - INFO - mail_0038.txt -> it_support (confidence=2.00)
2026-06-01 14:01:23,091 - INFO - mail_0039.txt -> newsletters_marketing (confidence=1.00)
2026-06-01 14:01:23,092 - INFO - mail_0040.txt -> it_support (confidence=1.00)
2026-06-01 14:01:23,093 - INFO - mail_0041.txt -> spam_phishing (confidence=1.00)
2026-06-01 14:01:23,095 - INFO - mail_0042.txt -> it_support (confidence=2.00)
2026-06-01 14:01:23,096 - INFO - mail_0043.txt -> it_support (confidence=2.00)
2026-06-01 14:01:23,099 - INFO - mail_0044.txt -> access_requests (confidence=3.00)
2026-06-01 14:01:23,100 - INFO - mail_0045.txt -> attachments_processing (confidence=2.00)
2026-06-01 14:01:23,101 - INFO - mail_0046.txt -> it_support (confidence=3.00)
2026-06-01 14:01:23,104 - INFO - mail_0047.txt -> access_requests (confidence=3.00)
2026-06-01 14:01:23,106 - INFO - mail_0048.txt -> contracts_documents (confidence=2.00)
2026-06-01 14:01:23,107 - INFO - mail_0049.txt -> it_support (confidence=4.00)
2026-06-01 14:01:23,109 - INFO - mail_0050.txt -> meetings_events (confidence=3.00)
2026-06-01 14:01:23,111 - INFO - mail_0051.txt -> newsletters_marketing (confidence=1.00)
2026-06-01 14:01:23,113 - INFO - mail_0052.txt -> it_support (confidence=2.00)
2026-06-01 14:01:23,115 - INFO - mail_0053.txt -> newsletters_marketing (confidence=2.00)
2026-06-01 14:01:23,116 - INFO - mail_0054.txt -> it_support (confidence=1.00)
2026-06-01 14:01:23,117 - INFO - mail_0055.txt -> it_support (confidence=2.00)
2026-06-01 14:01:23,119 - INFO - mail_0056.txt -> attachments_processing (confidence=2.00)
2026-06-01 14:01:23,121 - INFO - mail_0057.txt -> access_requests (confidence=2.00)
2026-06-01 14:01:23,122 - INFO - mail_0058.txt -> it_support (confidence=2.00)
2026-06-01 14:01:23,124 - INFO - mail_0059.txt -> it_support (confidence=1.00)
2026-06-01 14:01:23,125 - INFO - mail_0060.txt -> attachments_processing (confidence=2.00)
2026-06-01 14:01:23,127 - INFO - mail_0061.txt -> access_requests (confidence=3.00)
2026-06-01 14:01:23,128 - INFO - mail_0062.txt -> it_support (confidence=1.00)
2026-06-01 14:01:23,130 - INFO - mail_0063.txt -> access_requests (confidence=3.00)
2026-06-01 14:01:23,131 - INFO - mail_0064.txt -> spam_phishing (confidence=3.00)
2026-06-01 14:01:23,132 - INFO - mail_0065.txt -> it_support (confidence=3.00)
2026-06-01 14:01:23,133 - INFO - mail_0066.txt -> it_support (confidence=2.00)
2026-06-01 14:01:23,135 - INFO - mail_0067.txt -> attachments_processing (confidence=2.00)
2026-06-01 14:01:23,137 - INFO - mail_0068.txt -> access_requests (confidence=3.00)
2026-06-01 14:01:23,138 - INFO - mail_0069.txt -> attachments_processing (confidence=2.00)
2026-06-01 14:01:23,139 - INFO - mail_0070.txt -> it_support (confidence=2.00)
2026-06-01 14:01:23,140 - INFO - mail_0071.txt -> spam_phishing (confidence=1.00)
2026-06-01 14:01:23,142 - INFO - mail_0072.txt -> it_support (confidence=2.00)
2026-06-01 14:01:23,143 - INFO - mail_0073.txt -> it_support (confidence=6.00)
2026-06-01 14:01:23,144 - INFO - mail_0074.txt -> it_support (confidence=1.00)
2026-06-01 14:01:23,146 - INFO - mail_0075.txt -> hr (confidence=2.00)
2026-06-01 14:01:23,147 - INFO - mail_0076.txt -> monitoring_alerts (confidence=2.00)
2026-06-01 14:01:23,149 - INFO - mail_0077.txt -> it_support (confidence=1.00)
2026-06-01 14:01:23,151 - INFO - mail_0078.txt -> it_support (confidence=4.00)
2026-06-01 14:01:23,153 - INFO - mail_0079.txt -> access_requests (confidence=3.00)
2026-06-01 14:01:23,154 - INFO - mail_0080.txt -> monitoring_alerts (confidence=1.00)
2026-06-01 14:01:23,156 - INFO - mail_0081.txt -> finance (confidence=3.00)
2026-06-01 14:01:23,158 - INFO - mail_0082.txt -> it_support (confidence=2.00)
2026-06-01 14:01:23,160 - INFO - mail_0083.txt -> attachments_processing (confidence=2.00)
2026-06-01 14:01:23,162 - INFO - mail_0084.txt -> it_support (confidence=2.00)
2026-06-01 14:01:23,165 - INFO - mail_0085.txt -> access_requests (confidence=3.00)
2026-06-01 14:01:23,166 - INFO - mail_0086.txt -> contracts_documents (confidence=2.00)
2026-06-01 14:01:23,168 - INFO - mail_0087.txt -> it_support (confidence=1.00)
2026-06-01 14:01:23,169 - INFO - mail_0088.txt -> it_support (confidence=4.00)
2026-06-01 14:01:23,171 - INFO - mail_0089.txt -> it_support (confidence=1.00)
2026-06-01 14:01:23,172 - INFO - mail_0090.txt -> monitoring_alerts (confidence=3.00)
2026-06-01 14:01:23,173 - INFO - mail_0091.txt -> it_support (confidence=5.00)
2026-06-01 14:01:23,175 - INFO - mail_0092.txt -> attachments_processing (confidence=2.00)
2026-06-01 14:01:23,177 - INFO - mail_0093.txt -> spam_phishing (confidence=3.00)
2026-06-01 14:01:23,179 - INFO - mail_0094.txt -> it_support (confidence=4.00)
2026-06-01 14:01:23,181 - INFO - mail_0095.txt -> it_support (confidence=1.00)
2026-06-01 14:01:23,182 - INFO - mail_0096.txt -> access_requests (confidence=2.00)
2026-06-01 14:01:23,184 - INFO - mail_0097.txt -> it_support (confidence=2.00)
2026-06-01 14:01:23,186 - INFO - mail_0098.txt -> it_support (confidence=2.00)
2026-06-01 14:01:23,188 - INFO - mail_0099.txt -> access_requests (confidence=3.00)
2026-06-01 14:01:23,190 - INFO - mail_0100.txt -> it_support (confidence=2.00)
2026-06-01 14:01:23,191 - INFO - mail_0101.txt -> it_support (confidence=2.00)
2026-06-01 14:01:23,193 - INFO - mail_0102.txt -> attachments_processing (confidence=2.00)
2026-06-01 14:01:23,194 - INFO - mail_0103.txt -> unknown (confidence=0.00)
2026-06-01 14:01:23,194 - ERROR - mail_0104.bin: Unsupported file format
2026-06-01 14:01:23,196 - ERROR - mail_0105.json: Expecting value: line 1 column 75 (char 74)
2026-06-01 14:01:23,198 - ERROR - mail_0106: Unsupported file format
2026-06-01 14:01:23,200 - INFO - mail_0107.txt -> external_requests (confidence=1.00)
2026-06-01 14:01:23,202 - INFO - mail_0108.txt -> it_support (confidence=1.00)
2026-06-01 14:01:23,202 - ERROR - mail_0109.jpeg: Unsupported file format
2026-06-01 14:01:23,205 - INFO - test.txt -> it_support (confidence=2.00)
2026-06-01 14:02:35,877 - ERROR - .DS_Store: Unsupported file format
2026-06-01 14:02:35,879 - INFO - mail_0001.txt -> newsletters_marketing (количество совпавших слов = 1.00)
2026-06-01 14:02:35,881 - INFO - mail_0002.txt -> external_requests (количество совпавших слов = 2.00)
2026-06-01 14:02:35,882 - INFO - mail_0003.txt -> it_support (количество совпавших слов = 2.00)
2026-06-01 14:02:35,883 - INFO - mail_0004.txt -> it_support (количество совпавших слов = 2.00)
2026-06-01 14:02:35,884 - INFO - mail_0005.txt -> contracts_documents (количество совпавших слов = 1.00)
2026-06-01 14:02:35,886 - INFO - mail_0006.txt -> finance (количество совпавших слов = 2.00)
2026-06-01 14:02:35,886 - INFO - mail_0007.txt -> attachments_processing (количество совпавших слов = 1.00)
2026-06-01 14:02:35,887 - INFO - mail_0008.txt -> monitoring_alerts (количество совпавших слов = 3.00)
2026-06-01 14:02:35,888 - INFO - mail_0009.txt -> it_support (количество совпавших слов = 1.00)
2026-06-01 14:02:35,889 - INFO - mail_0010.txt -> external_requests (количество совпавших слов = 2.00)
2026-06-01 14:02:35,890 - INFO - mail_0011.txt -> hr (количество совпавших слов = 2.00)
2026-06-01 14:02:35,891 - INFO - mail_0012.txt -> it_support (количество совпавших слов = 1.00)
2026-06-01 14:02:35,892 - INFO - mail_0013.txt -> finance (количество совпавших слов = 2.00)
2026-06-01 14:02:35,893 - INFO - mail_0014.txt -> it_support (количество совпавших слов = 1.00)
2026-06-01 14:02:35,894 - INFO - mail_0015.txt -> hr (количество совпавших слов = 2.00)
2026-06-01 14:02:35,894 - INFO - mail_0016.txt -> it_support (количество совпавших слов = 3.00)
2026-06-01 14:02:35,895 - INFO - mail_0017.txt -> attachments_processing (количество совпавших слов = 2.00)
2026-06-01 14:02:35,897 - INFO - mail_0018.txt -> it_support (количество совпавших слов = 1.00)
2026-06-01 14:02:35,898 - INFO - mail_0019.txt -> monitoring_alerts (количество совпавших слов = 2.00)
2026-06-01 14:02:35,900 - INFO - mail_0020.txt -> monitoring_alerts (количество совпавших слов = 3.00)
2026-06-01 14:02:35,901 - INFO - mail_0021.txt -> it_support (количество совпавших слов = 1.00)
2026-06-01 14:02:35,902 - INFO - mail_0022.txt -> contracts_documents (количество совпавших слов = 2.00)
2026-06-01 14:02:35,903 - INFO - mail_0023.txt -> it_support (количество совпавших слов = 2.00)
2026-06-01 14:02:35,904 - INFO - mail_0024.txt -> it_support (количество совпавших слов = 2.00)
2026-06-01 14:02:35,905 - INFO - mail_0025.txt -> hr (количество совпавших слов = 2.00)
2026-06-01 14:02:35,906 - INFO - mail_0026.txt -> it_support (количество совпавших слов = 2.00)
2026-06-01 14:02:35,908 - INFO - mail_0027.txt -> newsletters_marketing (количество совпавших слов = 1.00)
2026-06-01 14:02:35,909 - INFO - mail_0028.txt -> it_support (количество совпавших слов = 2.00)
2026-06-01 14:02:35,911 - INFO - mail_0029.txt -> meetings_events (количество совпавших слов = 3.00)
2026-06-01 14:02:35,912 - INFO - mail_0030.txt -> it_support (количество совпавших слов = 2.00)
2026-06-01 14:02:35,914 - INFO - mail_0031.txt -> it_support (количество совпавших слов = 1.00)
2026-06-01 14:02:35,916 - INFO - mail_0032.txt -> attachments_processing (количество совпавших слов = 4.00)
2026-06-01 14:02:35,917 - INFO - mail_0033.txt -> it_support (количество совпавших слов = 1.00)
2026-06-01 14:02:35,919 - INFO - mail_0034.txt -> it_support (количество совпавших слов = 1.00)
2026-06-01 14:02:35,920 - INFO - mail_0035.txt -> meetings_events (количество совпавших слов = 1.00)
2026-06-01 14:02:35,922 - INFO - mail_0036.txt -> monitoring_alerts (количество совпавших слов = 5.00)
2026-06-01 14:02:35,923 - INFO - mail_0037.txt -> finance (количество совпавших слов = 2.00)
2026-06-01 14:02:35,924 - INFO - mail_0038.txt -> it_support (количество совпавших слов = 2.00)
2026-06-01 14:02:35,926 - INFO - mail_0039.txt -> newsletters_marketing (количество совпавших слов = 1.00)
2026-06-01 14:02:35,927 - INFO - mail_0040.txt -> it_support (количество совпавших слов = 1.00)
2026-06-01 14:02:35,928 - INFO - mail_0041.txt -> spam_phishing (количество совпавших слов = 1.00)
2026-06-01 14:02:35,930 - INFO - mail_0042.txt -> it_support (количество совпавших слов = 2.00)
2026-06-01 14:02:35,931 - INFO - mail_0043.txt -> it_support (количество совпавших слов = 2.00)
2026-06-01 14:02:35,933 - INFO - mail_0044.txt -> access_requests (количество совпавших слов = 3.00)
2026-06-01 14:02:35,934 - INFO - mail_0045.txt -> attachments_processing (количество совпавших слов = 2.00)
2026-06-01 14:02:35,935 - INFO - mail_0046.txt -> it_support (количество совпавших слов = 3.00)
2026-06-01 14:02:35,937 - INFO - mail_0047.txt -> access_requests (количество совпавших слов = 3.00)
2026-06-01 14:02:35,937 - INFO - mail_0048.txt -> contracts_documents (количество совпавших слов = 2.00)
2026-06-01 14:02:35,938 - INFO - mail_0049.txt -> it_support (количество совпавших слов = 4.00)
2026-06-01 14:02:35,939 - INFO - mail_0050.txt -> meetings_events (количество совпавших слов = 3.00)
2026-06-01 14:02:35,940 - INFO - mail_0051.txt -> newsletters_marketing (количество совпавших слов = 1.00)
2026-06-01 14:02:35,941 - INFO - mail_0052.txt -> it_support (количество совпавших слов = 2.00)
2026-06-01 14:02:35,941 - INFO - mail_0053.txt -> newsletters_marketing (количество совпавших слов = 2.00)
2026-06-01 14:02:35,942 - INFO - mail_0054.txt -> it_support (количество совпавших слов = 1.00)
2026-06-01 14:02:35,943 - INFO - mail_0055.txt -> it_support (количество совпавших слов = 2.00)
2026-06-01 14:02:35,944 - INFO - mail_0056.txt -> attachments_processing (количество совпавших слов = 2.00)
2026-06-01 14:02:35,945 - INFO - mail_0057.txt -> access_requests (количество совпавших слов = 2.00)
2026-06-01 14:02:35,946 - INFO - mail_0058.txt -> it_support (количество совпавших слов = 2.00)
2026-06-01 14:02:35,946 - INFO - mail_0059.txt -> it_support (количество совпавших слов = 1.00)
2026-06-01 14:02:35,947 - INFO - mail_0060.txt -> attachments_processing (количество совпавших слов = 2.00)
2026-06-01 14:02:35,948 - INFO - mail_0061.txt -> access_requests (количество совпавших слов = 3.00)
2026-06-01 14:02:35,949 - INFO - mail_0062.txt -> it_support (количество совпавших слов = 1.00)
2026-06-01 14:02:35,951 - INFO - mail_0063.txt -> access_requests (количество совпавших слов = 3.00)
2026-06-01 14:02:35,952 - INFO - mail_0064.txt -> spam_phishing (количество совпавших слов = 3.00)
2026-06-01 14:02:35,953 - INFO - mail_0065.txt -> it_support (количество совпавших слов = 3.00)
2026-06-01 14:02:35,955 - INFO - mail_0066.txt -> it_support (количество совпавших слов = 2.00)
2026-06-01 14:02:35,956 - INFO - mail_0067.txt -> attachments_processing (количество совпавших слов = 2.00)
2026-06-01 14:02:35,957 - INFO - mail_0068.txt -> access_requests (количество совпавших слов = 3.00)
2026-06-01 14:02:35,959 - INFO - mail_0069.txt -> attachments_processing (количество совпавших слов = 2.00)
2026-06-01 14:02:35,961 - INFO - mail_0070.txt -> it_support (количество совпавших слов = 2.00)
2026-06-01 14:02:35,962 - INFO - mail_0071.txt -> spam_phishing (количество совпавших слов = 1.00)
2026-06-01 14:02:35,963 - INFO - mail_0072.txt -> it_support (количество совпавших слов = 2.00)
2026-06-01 14:02:35,964 - INFO - mail_0073.txt -> it_support (количество совпавших слов = 6.00)
2026-06-01 14:02:35,966 - INFO - mail_0074.txt -> it_support (количество совпавших слов = 1.00)
2026-06-01 14:02:35,967 - INFO - mail_0075.txt -> hr (количество совпавших слов = 2.00)
2026-06-01 14:02:35,968 - INFO - mail_0076.txt -> monitoring_alerts (количество совпавших слов = 2.00)
2026-06-01 14:02:35,970 - INFO - mail_0077.txt -> it_support (количество совпавших слов = 1.00)
2026-06-01 14:02:35,972 - INFO - mail_0078.txt -> it_support (количество совпавших слов = 4.00)
2026-06-01 14:02:35,973 - INFO - mail_0079.txt -> access_requests (количество совпавших слов = 3.00)
2026-06-01 14:02:35,975 - INFO - mail_0080.txt -> monitoring_alerts (количество совпавших слов = 1.00)
2026-06-01 14:02:35,977 - INFO - mail_0081.txt -> finance (количество совпавших слов = 3.00)
2026-06-01 14:02:35,979 - INFO - mail_0082.txt -> it_support (количество совпавших слов = 2.00)
2026-06-01 14:02:35,981 - INFO - mail_0083.txt -> attachments_processing (количество совпавших слов = 2.00)
2026-06-01 14:02:35,983 - INFO - mail_0084.txt -> it_support (количество совпавших слов = 2.00)
2026-06-01 14:02:35,985 - INFO - mail_0085.txt -> access_requests (количество совпавших слов = 3.00)
2026-06-01 14:02:35,987 - INFO - mail_0086.txt -> contracts_documents (количество совпавших слов = 2.00)
2026-06-01 14:02:35,989 - INFO - mail_0087.txt -> it_support (количество совпавших слов = 1.00)
2026-06-01 14:02:35,990 - INFO - mail_0088.txt -> it_support (количество совпавших слов = 4.00)
2026-06-01 14:02:35,992 - INFO - mail_0089.txt -> it_support (количество совпавших слов = 1.00)
2026-06-01 14:02:35,993 - INFO - mail_0090.txt -> monitoring_alerts (количество совпавших слов = 3.00)
2026-06-01 14:02:35,995 - INFO - mail_0091.txt -> it_support (количество совпавших слов = 5.00)
2026-06-01 14:02:35,997 - INFO - mail_0092.txt -> attachments_processing (количество совпавших слов = 2.00)
2026-06-01 14:02:35,999 - INFO - mail_0093.txt -> spam_phishing (количество совпавших слов = 3.00)
2026-06-01 14:02:36,000 - INFO - mail_0094.txt -> it_support (количество совпавших слов = 4.00)
2026-06-01 14:02:36,002 - INFO - mail_0095.txt -> it_support (количество совпавших слов = 1.00)
2026-06-01 14:02:36,004 - INFO - mail_0096.txt -> access_requests (количество совпавших слов = 2.00)
2026-06-01 14:02:36,005 - INFO - mail_0097.txt -> it_support (количество совпавших слов = 2.00)
2026-06-01 14:02:36,007 - INFO - mail_0098.txt -> it_support (количество совпавших слов = 2.00)
2026-06-01 14:02:36,009 - INFO - mail_0099.txt -> access_requests (количество совпавших слов = 3.00)
2026-06-01 14:02:36,011 - INFO - mail_0100.txt -> it_support (количество совпавших слов = 2.00)
2026-06-01 14:02:36,012 - INFO - mail_0101.txt -> it_support (количество совпавших слов = 2.00)
2026-06-01 14:02:36,013 - INFO - mail_0102.txt -> attachments_processing (количество совпавших слов = 2.00)
2026-06-01 14:02:36,014 - INFO - mail_0103.txt -> unknown (количество совпавших слов = 0.00)
2026-06-01 14:02:36,014 - ERROR - mail_0104.bin: Unsupported file format
2026-06-01 14:02:36,017 - ERROR - mail_0105.json: Expecting value: line 1 column 75 (char 74)
2026-06-01 14:02:36,019 - ERROR - mail_0106: Unsupported file format
2026-06-01 14:02:36,022 - INFO - mail_0107.txt -> external_requests (количество совпавших слов = 1.00)
2026-06-01 14:02:36,023 - INFO - mail_0108.txt -> it_support (количество совпавших слов = 1.00)
2026-06-01 14:02:36,023 - ERROR - mail_0109.jpeg: Unsupported file format
2026-06-01 14:02:36,026 - INFO - test.txt -> it_support (количество совпавших слов = 2.00)
2026-06-01 14:05:14,555 - ERROR - .DS_Store: Unsupported file format
2026-06-01 14:05:14,561 - INFO - mail_0001.txt -> newsletters_marketing (количество совпавших слов = 1.00)
2026-06-01 14:05:14,563 - INFO - mail_0002.txt -> external_requests (количество совпавших слов = 2.00)
2026-06-01 14:05:14,565 - INFO - mail_0003.txt -> it_support (количество совпавших слов = 2.00)
2026-06-01 14:05:14,566 - INFO - mail_0004.txt -> it_support (количество совпавших слов = 2.00)
2026-06-01 14:05:14,568 - INFO - mail_0005.txt -> contracts_documents (количество совпавших слов = 1.00)
2026-06-01 14:05:14,570 - INFO - mail_0006.txt -> finance (количество совпавших слов = 2.00)
2026-06-01 14:05:14,572 - INFO - mail_0007.txt -> attachments_processing (количество совпавших слов = 1.00)
2026-06-01 14:05:14,574 - INFO - mail_0008.txt -> monitoring_alerts (количество совпавших слов = 3.00)
2026-06-01 14:05:14,576 - INFO - mail_0009.txt -> it_support (количество совпавших слов = 1.00)
2026-06-01 14:05:14,577 - INFO - mail_0010.txt -> external_requests (количество совпавших слов = 2.00)
2026-06-01 14:05:14,579 - INFO - mail_0011.txt -> hr (количество совпавших слов = 2.00)
2026-06-01 14:05:14,581 - INFO - mail_0012.txt -> it_support (количество совпавших слов = 1.00)
2026-06-01 14:05:14,583 - INFO - mail_0013.txt -> finance (количество совпавших слов = 2.00)
2026-06-01 14:05:14,585 - INFO - mail_0014.txt -> it_support (количество совпавших слов = 1.00)
2026-06-01 14:05:14,586 - INFO - mail_0015.txt -> hr (количество совпавших слов = 2.00)
2026-06-01 14:05:14,588 - INFO - mail_0016.txt -> it_support (количество совпавших слов = 3.00)
2026-06-01 14:05:14,590 - INFO - mail_0017.txt -> attachments_processing (количество совпавших слов = 2.00)
2026-06-01 14:05:14,592 - INFO - mail_0018.txt -> it_support (количество совпавших слов = 1.00)
2026-06-01 14:05:14,594 - INFO - mail_0019.txt -> monitoring_alerts (количество совпавших слов = 2.00)
2026-06-01 14:05:14,595 - INFO - mail_0020.txt -> monitoring_alerts (количество совпавших слов = 3.00)
2026-06-01 14:05:14,597 - INFO - mail_0021.txt -> it_support (количество совпавших слов = 1.00)
2026-06-01 14:05:14,598 - INFO - mail_0022.txt -> contracts_documents (количество совпавших слов = 2.00)
2026-06-01 14:05:14,601 - INFO - mail_0023.txt -> it_support (количество совпавших слов = 2.00)
2026-06-01 14:05:14,603 - INFO - mail_0024.txt -> it_support (количество совпавших слов = 2.00)
2026-06-01 14:05:14,605 - INFO - mail_0025.txt -> hr (количество совпавших слов = 2.00)
2026-06-01 14:05:14,608 - INFO - mail_0026.txt -> it_support (количество совпавших слов = 2.00)
2026-06-01 14:05:14,611 - INFO - mail_0027.txt -> newsletters_marketing (количество совпавших слов = 1.00)
2026-06-01 14:05:14,614 - INFO - mail_0028.txt -> it_support (количество совпавших слов = 2.00)
2026-06-01 14:05:14,616 - INFO - mail_0029.txt -> meetings_events (количество совпавших слов = 3.00)
2026-06-01 14:05:14,619 - INFO - mail_0030.txt -> it_support (количество совпавших слов = 2.00)
2026-06-01 14:05:14,622 - INFO - mail_0031.txt -> it_support (количество совпавших слов = 1.00)
2026-06-01 14:05:14,625 - INFO - mail_0032.txt -> attachments_processing (количество совпавших слов = 4.00)
2026-06-01 14:05:14,627 - INFO - mail_0033.txt -> it_support (количество совпавших слов = 1.00)
2026-06-01 14:05:14,630 - INFO - mail_0034.txt -> it_support (количество совпавших слов = 1.00)
2026-06-01 14:05:14,633 - INFO - mail_0035.txt -> meetings_events (количество совпавших слов = 1.00)
2026-06-01 14:05:14,636 - INFO - mail_0036.txt -> monitoring_alerts (количество совпавших слов = 5.00)
2026-06-01 14:05:14,638 - INFO - mail_0037.txt -> finance (количество совпавших слов = 2.00)
2026-06-01 14:05:14,641 - INFO - mail_0038.txt -> it_support (количество совпавших слов = 2.00)
2026-06-01 14:05:14,643 - INFO - mail_0039.txt -> newsletters_marketing (количество совпавших слов = 1.00)
2026-06-01 14:05:14,645 - INFO - mail_0040.txt -> it_support (количество совпавших слов = 1.00)
2026-06-01 14:05:14,647 - INFO - mail_0041.txt -> spam_phishing (количество совпавших слов = 1.00)
2026-06-01 14:05:14,649 - INFO - mail_0042.txt -> it_support (количество совпавших слов = 2.00)
2026-06-01 14:05:14,651 - INFO - mail_0043.txt -> it_support (количество совпавших слов = 2.00)
2026-06-01 14:05:14,654 - INFO - mail_0044.txt -> access_requests (количество совпавших слов = 3.00)
2026-06-01 14:05:14,657 - INFO - mail_0045.txt -> attachments_processing (количество совпавших слов = 2.00)
2026-06-01 14:05:14,659 - INFO - mail_0046.txt -> it_support (количество совпавших слов = 3.00)
2026-06-01 14:05:14,662 - INFO - mail_0047.txt -> access_requests (количество совпавших слов = 3.00)
2026-06-01 14:05:14,666 - INFO - mail_0048.txt -> contracts_documents (количество совпавших слов = 2.00)
2026-06-01 14:05:14,669 - INFO - mail_0049.txt -> it_support (количество совпавших слов = 4.00)
2026-06-01 14:05:14,672 - INFO - mail_0050.txt -> meetings_events (количество совпавших слов = 3.00)
2026-06-01 14:05:14,674 - INFO - mail_0051.txt -> newsletters_marketing (количество совпавших слов = 1.00)
2026-06-01 14:05:14,676 - INFO - mail_0052.txt -> it_support (количество совпавших слов = 2.00)
2026-06-01 14:05:14,678 - INFO - mail_0053.txt -> newsletters_marketing (количество совпавших слов = 2.00)
2026-06-01 14:05:14,680 - INFO - mail_0054.txt -> it_support (количество совпавших слов = 1.00)
2026-06-01 14:05:14,682 - INFO - mail_0055.txt -> it_support (количество совпавших слов = 2.00)
2026-06-01 14:05:14,684 - INFO - mail_0056.txt -> attachments_processing (количество совпавших слов = 2.00)
2026-06-01 14:05:14,687 - INFO - mail_0057.txt -> access_requests (количество совпавших слов = 2.00)
2026-06-01 14:05:14,689 - INFO - mail_0058.txt -> it_support (количество совпавших слов = 2.00)
2026-06-01 14:05:14,692 - INFO - mail_0059.txt -> it_support (количество совпавших слов = 1.00)
2026-06-01 14:05:14,694 - INFO - mail_0060.txt -> attachments_processing (количество совпавших слов = 2.00)
2026-06-01 14:05:14,696 - INFO - mail_0061.txt -> access_requests (количество совпавших слов = 3.00)
2026-06-01 14:05:14,698 - INFO - mail_0062.txt -> it_support (количество совпавших слов = 1.00)
2026-06-01 14:05:14,700 - INFO - mail_0063.txt -> access_requests (количество совпавших слов = 3.00)
2026-06-01 14:05:14,704 - INFO - mail_0064.txt -> spam_phishing (количество совпавших слов = 3.00)
2026-06-01 14:05:14,707 - INFO - mail_0065.txt -> it_support (количество совпавших слов = 3.00)
2026-06-01 14:05:14,714 - INFO - mail_0066.txt -> it_support (количество совпавших слов = 2.00)
2026-06-01 14:05:14,717 - INFO - mail_0067.txt -> attachments_processing (количество совпавших слов = 2.00)
2026-06-01 14:05:14,722 - INFO - mail_0068.txt -> access_requests (количество совпавших слов = 3.00)
2026-06-01 14:05:14,724 - INFO - mail_0069.txt -> attachments_processing (количество совпавших слов = 2.00)
2026-06-01 14:05:14,726 - INFO - mail_0070.txt -> it_support (количество совпавших слов = 2.00)
2026-06-01 14:05:14,728 - INFO - mail_0071.txt -> spam_phishing (количество совпавших слов = 1.00)
2026-06-01 14:05:14,731 - INFO - mail_0072.txt -> it_support (количество совпавших слов = 2.00)
2026-06-01 14:05:14,733 - INFO - mail_0073.txt -> it_support (количество совпавших слов = 6.00)
2026-06-01 14:05:14,735 - INFO - mail_0074.txt -> it_support (количество совпавших слов = 1.00)
2026-06-01 14:05:14,737 - INFO - mail_0075.txt -> hr (количество совпавших слов = 2.00)
2026-06-01 14:05:14,738 - INFO - mail_0076.txt -> monitoring_alerts (количество совпавших слов = 2.00)
2026-06-01 14:05:14,740 - INFO - mail_0077.txt -> it_support (количество совпавших слов = 1.00)
2026-06-01 14:05:14,741 - INFO - mail_0078.txt -> it_support (количество совпавших слов = 4.00)
2026-06-01 14:05:14,743 - INFO - mail_0079.txt -> access_requests (количество совпавших слов = 3.00)
2026-06-01 14:05:14,745 - INFO - mail_0080.txt -> monitoring_alerts (количество совпавших слов = 1.00)
2026-06-01 14:05:14,746 - INFO - mail_0081.txt -> finance (количество совпавших слов = 3.00)
2026-06-01 14:05:14,748 - INFO - mail_0082.txt -> it_support (количество совпавших слов = 2.00)
2026-06-01 14:05:14,750 - INFO - mail_0083.txt -> attachments_processing (количество совпавших слов = 2.00)
2026-06-01 14:05:14,752 - INFO - mail_0084.txt -> it_support (количество совпавших слов = 2.00)
2026-06-01 14:05:14,753 - INFO - mail_0085.txt -> access_requests (количество совпавших слов = 3.00)
2026-06-01 14:05:14,756 - INFO - mail_0086.txt -> contracts_documents (количество совпавших слов = 2.00)
2026-06-01 14:05:14,757 - INFO - mail_0087.txt -> it_support (количество совпавших слов = 1.00)
2026-06-01 14:05:14,760 - INFO - mail_0088.txt -> it_support (количество совпавших слов = 4.00)
2026-06-01 14:05:14,762 - INFO - mail_0089.txt -> it_support (количество совпавших слов = 1.00)
2026-06-01 14:05:14,764 - INFO - mail_0090.txt -> monitoring_alerts (количество совпавших слов = 3.00)
2026-06-01 14:05:14,765 - INFO - mail_0091.txt -> it_support (количество совпавших слов = 5.00)
2026-06-01 14:05:14,767 - INFO - mail_0092.txt -> attachments_processing (количество совпавших слов = 2.00)
2026-06-01 14:05:14,769 - INFO - mail_0093.txt -> spam_phishing (количество совпавших слов = 3.00)
2026-06-01 14:05:14,771 - INFO - mail_0094.txt -> it_support (количество совпавших слов = 4.00)
2026-06-01 14:05:14,773 - INFO - mail_0095.txt -> it_support (количество совпавших слов = 1.00)
2026-06-01 14:05:14,775 - INFO - mail_0096.txt -> access_requests (количество совпавших слов = 2.00)
2026-06-01 14:05:14,776 - INFO - mail_0097.txt -> it_support (количество совпавших слов = 2.00)
2026-06-01 14:05:14,778 - INFO - mail_0098.txt -> it_support (количество совпавших слов = 2.00)
2026-06-01 14:05:14,780 - INFO - mail_0099.txt -> access_requests (количество совпавших слов = 3.00)
2026-06-01 14:05:14,781 - INFO - mail_0100.txt -> it_support (количество совпавших слов = 2.00)
2026-06-01 14:05:14,783 - INFO - mail_0101.txt -> it_support (количество совпавших слов = 2.00)
2026-06-01 14:05:14,785 - INFO - mail_0102.txt -> attachments_processing (количество совпавших слов = 2.00)
2026-06-01 14:05:14,786 - INFO - mail_0103.txt -> unknown (количество совпавших слов = 0.00)
2026-06-01 14:05:14,786 - ERROR - mail_0104.bin: Unsupported file format
2026-06-01 14:05:14,788 - ERROR - mail_0105.json: Expecting value: line 1 column 75 (char 74)
2026-06-01 14:05:14,789 - ERROR - mail_0106: Unsupported file format
2026-06-01 14:05:14,792 - INFO - mail_0107.txt -> external_requests (количество совпавших слов = 1.00)
2026-06-01 14:05:14,793 - INFO - mail_0108.txt -> it_support (количество совпавших слов = 1.00)
2026-06-01 14:05:14,794 - ERROR - mail_0109.jpeg: Unsupported file format
2026-06-01 14:05:14,797 - INFO - test.txt -> it_support (количество совпавших слов = 2.00)
2026-06-01 14:06:05,777 - ERROR - .DS_Store: Unsupported file format
2026-06-01 14:06:05,780 - INFO - mail_0001.txt -> newsletters_marketing (количество совпавших слов = 1.00)
2026-06-01 14:06:05,781 - INFO - mail_0002.txt -> external_requests (количество совпавших слов = 2.00)
2026-06-01 14:06:05,782 - INFO - mail_0003.txt -> it_support (количество совпавших слов = 2.00)
2026-06-01 14:06:05,783 - INFO - mail_0004.txt -> it_support (количество совпавших слов = 2.00)
2026-06-01 14:06:05,784 - INFO - mail_0005.txt -> contracts_documents (количество совпавших слов = 1.00)
2026-06-01 14:06:05,785 - INFO - mail_0006.txt -> finance (количество совпавших слов = 2.00)
2026-06-01 14:06:05,787 - INFO - mail_0007.txt -> attachments_processing (количество совпавших слов = 1.00)
2026-06-01 14:06:05,788 - INFO - mail_0008.txt -> monitoring_alerts (количество совпавших слов = 3.00)
2026-06-01 14:06:05,789 - INFO - mail_0009.txt -> it_support (количество совпавших слов = 1.00)
2026-06-01 14:06:05,791 - INFO - mail_0010.txt -> external_requests (количество совпавших слов = 2.00)
2026-06-01 14:06:05,792 - INFO - mail_0011.txt -> hr (количество совпавших слов = 2.00)
2026-06-01 14:06:05,794 - INFO - mail_0012.txt -> it_support (количество совпавших слов = 1.00)
2026-06-01 14:06:05,795 - INFO - mail_0013.txt -> finance (количество совпавших слов = 2.00)
2026-06-01 14:06:05,796 - INFO - mail_0014.txt -> it_support (количество совпавших слов = 1.00)
2026-06-01 14:06:05,798 - INFO - mail_0015.txt -> hr (количество совпавших слов = 2.00)
2026-06-01 14:06:05,799 - INFO - mail_0016.txt -> it_support (количество совпавших слов = 3.00)
2026-06-01 14:06:05,800 - INFO - mail_0017.txt -> attachments_processing (количество совпавших слов = 2.00)
2026-06-01 14:06:05,801 - INFO - mail_0018.txt -> it_support (количество совпавших слов = 1.00)
2026-06-01 14:06:05,802 - INFO - mail_0019.txt -> monitoring_alerts (количество совпавших слов = 2.00)
2026-06-01 14:06:05,803 - INFO - mail_0020.txt -> monitoring_alerts (количество совпавших слов = 3.00)
2026-06-01 14:06:05,805 - INFO - mail_0021.txt -> it_support (количество совпавших слов = 1.00)
2026-06-01 14:06:05,806 - INFO - mail_0022.txt -> contracts_documents (количество совпавших слов = 2.00)
2026-06-01 14:06:05,807 - INFO - mail_0023.txt -> it_support (количество совпавших слов = 2.00)
2026-06-01 14:06:05,808 - INFO - mail_0024.txt -> it_support (количество совпавших слов = 2.00)
2026-06-01 14:06:05,810 - INFO - mail_0025.txt -> hr (количество совпавших слов = 2.00)
2026-06-01 14:06:05,811 - INFO - mail_0026.txt -> it_support (количество совпавших слов = 2.00)
2026-06-01 14:06:05,812 - INFO - mail_0027.txt -> newsletters_marketing (количество совпавших слов = 1.00)
2026-06-01 14:06:05,814 - INFO - mail_0028.txt -> it_support (количество совпавших слов = 2.00)
2026-06-01 14:06:05,815 - INFO - mail_0029.txt -> meetings_events (количество совпавших слов = 3.00)
2026-06-01 14:06:05,816 - INFO - mail_0030.txt -> it_support (количество совпавших слов = 2.00)
2026-06-01 14:06:05,817 - INFO - mail_0031.txt -> it_support (количество совпавших слов = 1.00)
2026-06-01 14:06:05,819 - INFO - mail_0032.txt -> attachments_processing (количество совпавших слов = 4.00)
2026-06-01 14:06:05,820 - INFO - mail_0033.txt -> it_support (количество совпавших слов = 1.00)
2026-06-01 14:06:05,821 - INFO - mail_0034.txt -> it_support (количество совпавших слов = 1.00)
2026-06-01 14:06:05,823 - INFO - mail_0035.txt -> meetings_events (количество совпавших слов = 1.00)
2026-06-01 14:06:05,824 - INFO - mail_0036.txt -> monitoring_alerts (количество совпавших слов = 5.00)
2026-06-01 14:06:05,826 - INFO - mail_0037.txt -> finance (количество совпавших слов = 2.00)
2026-06-01 14:06:05,827 - INFO - mail_0038.txt -> it_support (количество совпавших слов = 2.00)
2026-06-01 14:06:05,829 - INFO - mail_0039.txt -> newsletters_marketing (количество совпавших слов = 1.00)
2026-06-01 14:06:05,830 - INFO - mail_0040.txt -> it_support (количество совпавших слов = 1.00)
2026-06-01 14:06:05,831 - INFO - mail_0041.txt -> spam_phishing (количество совпавших слов = 1.00)
2026-06-01 14:06:05,833 - INFO - mail_0042.txt -> it_support (количество совпавших слов = 2.00)
2026-06-01 14:06:05,834 - INFO - mail_0043.txt -> it_support (количество совпавших слов = 2.00)
2026-06-01 14:06:05,835 - INFO - mail_0044.txt -> access_requests (количество совпавших слов = 3.00)
2026-06-01 14:06:05,835 - INFO - mail_0045.txt -> attachments_processing (количество совпавших слов = 2.00)
2026-06-01 14:06:05,836 - INFO - mail_0046.txt -> it_support (количество совпавших слов = 3.00)
2026-06-01 14:06:05,837 - INFO - mail_0047.txt -> access_requests (количество совпавших слов = 3.00)
2026-06-01 14:06:05,838 - INFO - mail_0048.txt -> contracts_documents (количество совпавших слов = 2.00)
2026-06-01 14:06:05,839 - INFO - mail_0049.txt -> it_support (количество совпавших слов = 4.00)
2026-06-01 14:06:05,840 - INFO - mail_0050.txt -> meetings_events (количество совпавших слов = 3.00)
2026-06-01 14:06:05,841 - INFO - mail_0051.txt -> newsletters_marketing (количество совпавших слов = 1.00)
2026-06-01 14:06:05,842 - INFO - mail_0052.txt -> it_support (количество совпавших слов = 2.00)
2026-06-01 14:06:05,843 - INFO - mail_0053.txt -> newsletters_marketing (количество совпавших слов = 2.00)
2026-06-01 14:06:05,844 - INFO - mail_0054.txt -> it_support (количество совпавших слов = 1.00)
2026-06-01 14:06:05,845 - INFO - mail_0055.txt -> it_support (количество совпавших слов = 2.00)
2026-06-01 14:06:05,846 - INFO - mail_0056.txt -> attachments_processing (количество совпавших слов = 2.00)
2026-06-01 14:06:05,847 - INFO - mail_0057.txt -> access_requests (количество совпавших слов = 2.00)
2026-06-01 14:06:05,847 - INFO - mail_0058.txt -> it_support (количество совпавших слов = 2.00)
2026-06-01 14:06:05,848 - INFO - mail_0059.txt -> it_support (количество совпавших слов = 1.00)
2026-06-01 14:06:05,849 - INFO - mail_0060.txt -> attachments_processing (количество совпавших слов = 2.00)
2026-06-01 14:06:05,851 - INFO - mail_0061.txt -> access_requests (количество совпавших слов = 3.00)
2026-06-01 14:06:05,852 - INFO - mail_0062.txt -> it_support (количество совпавших слов = 1.00)
2026-06-01 14:06:05,853 - INFO - mail_0063.txt -> access_requests (количество совпавших слов = 3.00)
2026-06-01 14:06:05,855 - INFO - mail_0064.txt -> spam_phishing (количество совпавших слов = 3.00)
2026-06-01 14:06:05,856 - INFO - mail_0065.txt -> it_support (количество совпавших слов = 3.00)
2026-06-01 14:06:05,858 - INFO - mail_0066.txt -> it_support (количество совпавших слов = 2.00)
2026-06-01 14:06:05,859 - INFO - mail_0067.txt -> attachments_processing (количество совпавших слов = 2.00)
2026-06-01 14:06:05,861 - INFO - mail_0068.txt -> access_requests (количество совпавших слов = 3.00)
2026-06-01 14:06:05,862 - INFO - mail_0069.txt -> attachments_processing (количество совпавших слов = 2.00)
2026-06-01 14:06:05,865 - INFO - mail_0070.txt -> it_support (количество совпавших слов = 2.00)
2026-06-01 14:06:05,867 - INFO - mail_0071.txt -> spam_phishing (количество совпавших слов = 1.00)
2026-06-01 14:06:05,869 - INFO - mail_0072.txt -> it_support (количество совпавших слов = 2.00)
2026-06-01 14:06:05,871 - INFO - mail_0073.txt -> it_support (количество совпавших слов = 6.00)
2026-06-01 14:06:05,873 - INFO - mail_0074.txt -> it_support (количество совпавших слов = 1.00)
2026-06-01 14:06:05,875 - INFO - mail_0075.txt -> hr (количество совпавших слов = 2.00)
2026-06-01 14:06:05,876 - INFO - mail_0076.txt -> monitoring_alerts (количество совпавших слов = 2.00)
2026-06-01 14:06:05,877 - INFO - mail_0077.txt -> it_support (количество совпавших слов = 1.00)
2026-06-01 14:06:05,879 - INFO - mail_0078.txt -> it_support (количество совпавших слов = 4.00)
2026-06-01 14:06:05,880 - INFO - mail_0079.txt -> access_requests (количество совпавших слов = 3.00)
2026-06-01 14:06:05,882 - INFO - mail_0080.txt -> monitoring_alerts (количество совпавших слов = 1.00)
2026-06-01 14:06:05,883 - INFO - mail_0081.txt -> finance (количество совпавших слов = 3.00)
2026-06-01 14:06:05,884 - INFO - mail_0082.txt -> it_support (количество совпавших слов = 2.00)
2026-06-01 14:06:05,886 - INFO - mail_0083.txt -> attachments_processing (количество совпавших слов = 2.00)
2026-06-01 14:06:05,887 - INFO - mail_0084.txt -> it_support (количество совпавших слов = 2.00)
2026-06-01 14:06:05,888 - INFO - mail_0085.txt -> access_requests (количество совпавших слов = 3.00)
2026-06-01 14:06:05,890 - INFO - mail_0086.txt -> contracts_documents (количество совпавших слов = 2.00)
2026-06-01 14:06:05,891 - INFO - mail_0087.txt -> it_support (количество совпавших слов = 1.00)
2026-06-01 14:06:05,892 - INFO - mail_0088.txt -> it_support (количество совпавших слов = 4.00)
2026-06-01 14:06:05,893 - INFO - mail_0089.txt -> it_support (количество совпавших слов = 1.00)
2026-06-01 14:06:05,894 - INFO - mail_0090.txt -> monitoring_alerts (количество совпавших слов = 3.00)
2026-06-01 14:06:05,895 - INFO - mail_0091.txt -> it_support (количество совпавших слов = 5.00)
2026-06-01 14:06:05,897 - INFO - mail_0092.txt -> attachments_processing (количество совпавших слов = 2.00)
2026-06-01 14:06:05,898 - INFO - mail_0093.txt -> spam_phishing (количество совпавших слов = 3.00)
2026-06-01 14:06:05,899 - INFO - mail_0094.txt -> it_support (количество совпавших слов = 4.00)
2026-06-01 14:06:05,900 - INFO - mail_0095.txt -> it_support (количество совпавших слов = 1.00)
2026-06-01 14:06:05,902 - INFO - mail_0096.txt -> access_requests (количество совпавших слов = 2.00)
2026-06-01 14:06:05,903 - INFO - mail_0097.txt -> it_support (количество совпавших слов = 2.00)
2026-06-01 14:06:05,905 - INFO - mail_0098.txt -> it_support (количество совпавших слов = 2.00)
2026-06-01 14:06:05,906 - INFO - mail_0099.txt -> access_requests (количество совпавших слов = 3.00)
2026-06-01 14:06:05,908 - INFO - mail_0100.txt -> it_support (количество совпавших слов = 2.00)
2026-06-01 14:06:05,909 - INFO - mail_0101.txt -> it_support (количество совпавших слов = 2.00)
2026-06-01 14:06:05,911 - INFO - mail_0102.txt -> attachments_processing (количество совпавших слов = 2.00)
2026-06-01 14:06:05,912 - INFO - mail_0103.txt -> unknown (количество совпавших слов = 0.00)
2026-06-01 14:06:05,912 - ERROR - mail_0104.bin: Unsupported file format
2026-06-01 14:06:05,914 - ERROR - mail_0105.json: Expecting value: line 1 column 75 (char 74)
2026-06-01 14:06:05,916 - ERROR - mail_0106: Unsupported file format
2026-06-01 14:06:05,918 - INFO - mail_0107.txt -> external_requests (количество совпавших слов = 1.00)
2026-06-01 14:06:05,919 - INFO - mail_0108.txt -> it_support (количество совпавших слов = 1.00)
2026-06-01 14:06:05,919 - ERROR - mail_0109.jpeg: Unsupported file format
2026-06-01 14:06:05,922 - INFO - test.txt -> it_support (количество совпавших слов = 2.00)
